2026-04-23 22:32:28,221 - config.schema_manager - INFO - Ensuring database 'gambling_db' exists...
2026-04-23 22:32:28,263 - config.schema_manager - INFO - Ensuring table ODDS_CONFIGURATIONS exists...
2026-04-23 22:32:28,266 - config.schema_manager - INFO - Ensuring table RUNNING_TOTALS_SNAPSHOTS exists...
2026-04-23 22:32:28,269 - config.schema_manager - INFO - Ensuring table VALIDATION_EVENTS exists...
2026-04-23 22:32:28,272 - config.schema_manager - INFO - Schema fully rebuilt for UC4.
2026-04-23 22:33:05,835 - config.schema_manager - INFO - Ensuring database 'gambling_db' exists...
2026-04-23 22:33:05,913 - config.schema_manager - INFO - Ensuring table ODDS_CONFIGURATIONS exists...
2026-04-23 22:33:05,917 - config.schema_manager - INFO - Ensuring table RUNNING_TOTALS_SNAPSHOTS exists...
2026-04-23 22:33:05,923 - config.schema_manager - INFO - Ensuring table VALIDATION_EVENTS exists...
2026-04-23 22:33:05,928 - config.schema_manager - INFO - Schema fully rebuilt for UC4.
2026-04-23 22:33:13,045 - services.game_session_manager - INFO - Executing end_session
2026-04-23 22:33:13,052 - services.game_session_manager - WARNING - Validation failed in end_session: No active or paused session to end.
2026-04-23 22:33:39,468 - services.stake_management_service - INFO - Executing generate_report
2026-04-23 22:33:39,474 - services.stake_management_service - INFO - Successfully executed generate_report
2026-04-23 22:36:39,410 - config.schema_manager - INFO - Ensuring database 'gambling_db' exists...
2026-04-23 22:36:39,462 - config.schema_manager - INFO - Ensuring table ODDS_CONFIGURATIONS exists...
2026-04-23 22:36:39,465 - config.schema_manager - INFO - Ensuring table RUNNING_TOTALS_SNAPSHOTS exists...
2026-04-23 22:36:39,467 - config.schema_manager - INFO - Ensuring table VALIDATION_EVENTS exists...
2026-04-23 22:36:39,471 - config.schema_manager - INFO - Schema fully rebuilt for UC4.
2026-04-23 22:38:31,533 - config.schema_manager - INFO - Ensuring database 'gambling_db' exists...
2026-04-23 22:38:31,606 - config.schema_manager - INFO - Ensuring table ODDS_CONFIGURATIONS exists...
2026-04-23 22:38:31,609 - config.schema_manager - INFO - Ensuring table RUNNING_TOTALS_SNAPSHOTS exists...
2026-04-23 22:38:31,611 - config.schema_manager - INFO - Ensuring table VALIDATION_EVENTS exists...
2026-04-23 22:38:31,614 - config.schema_manager - INFO - Schema fully rebuilt for UC4.
